[www.portnine.com/index.html]
[backblue.gif]
[fade.gif]
[index.html]
[www.portnine.com/incredible/css/style.css]
[ajax.googleapis.com/ajax/libs/jquery/1.7.1/jquery.min.js]
[www.portnine.com/incredible/js/flexslider.js]
[www.portnine.com/incredible/js/jquery.isotope.min.js]
[www.portnine.com/incredible/js/custom.js]
[www.portnine.com/incredible/js/ender.min.js]
[www.portnine.com/incredible/js/selectnav.js]
[www.portnine.com/incredible/js/imagebox.min.js]
[www.portnine.com/incredible/js/carousel.js]
[www.portnine.com/incredible/js/twitter.js]
[www.portnine.com/incredible/js/tooltip.js]
[www.portnine.com/incredible/js/popover.js]
[www.portnine.com/incredible/js/effects.js]
[www.portnine.com/contact.html]
[www.portnine.com/login.html]
[www.portnine.com/images/iphone2.png]
[www.portnine.com/incredible/images/slider_img_03.png]
[www.portnine.com/incredible/images/features_ico_02.png]
[www.portnine.com/incredible/images/features_ico_01.png]
[www.portnine.com/incredible/images/features_ico_05.png]
[www.portnine.com/incredible/images/features_ico_06.png]
[www.portnine.com/incredible/images/features_ico_03.png]
[www.portnine.com/incredible/js/imagebox.build.js]
[www.portnine.com/index.html]
[www.portnine.com/incredible/css/skeleton.css]
[www.portnine.com/incredible/css/flexslider.css]
[www.portnine.com/incredible/css/pricing_tables.css]
[www.portnine.com/incredible/css/imagebox.css]
[www.portnine.com/incredible/css/shortcodes.css]
[www.portnine.com/incredible/images/overlay.png]
[www.portnine.com/incredible/images/back_to_top_btn.png]
[www.portnine.com/incredible/images/filter_divider.png]
[www.portnine.com/incredible/images/link_arrow_ico.png]
[www.portnine.com/incredible/images/link_arrow_ico_hover.png]
[www.portnine.com/incredible/images/pagination_prev.png]
[www.portnine.com/incredible/images/pagination_next.png]
[www.portnine.com/incredible/images/search_ico.png]
[www.portnine.com/incredible/images/link_list_arrow_02.png]
[www.portnine.com/incredible/images/twitter_widget_ico_02.png]
[www.portnine.com/incredible/images/loader.gif]
[www.portnine.com/incredible/images/testimonials_bg.png]
[www.portnine.com/incredible/images/link_list_arrow_01.png]
[www.portnine.com/incredible/images/twitter_widget_ico_01.png]
[www.portnine.com/incredible/images/social_icons_twitter.png]
[www.portnine.com/incredible/images/social_icons_facebook.png]
[www.portnine.com/incredible/images/social_icons_digg.png]
[www.portnine.com/incredible/images/social_icons_vimeo.png]
[www.portnine.com/incredible/images/social_icons_youtube.png]
[www.portnine.com/incredible/images/social_icons_skype.png]
[www.portnine.com/incredible/css/style.css]
[www.portnine.com/contact.html]
[www.portnine.com/login.html]
[www.portnine.com/incredible/css/skeleton.css]
[www.portnine.com/incredible/images/features_ico_04.png]
[www.portnine.com/incredible/images/bg_direction_nav_right.png]
[www.portnine.com/incredible/css/base.css]
[www.portnine.com/incredible/images/bg_direction_nav_left.png]
[www.portnine.com/incredible/css/flexslider.css]
[www.portnine.com/incredible/images/pricing_check_01.png]
[www.portnine.com/incredible/images/pricing_check_02.png]
[www.portnine.com/incredible/css/pricing_tables.css]
[www.portnine.com/incredible/images/imagebox_sprite.png]
[www.portnine.com/incredible/css/imagebox.css]
[www.portnine.com/incredible/images/accordion_plus_ico.png]
[www.portnine.com/incredible/images/accordion_minus_ico.png]
[www.portnine.com/incredible/images/list_icons/list_plus.png]
[www.portnine.com/incredible/images/list_icons/list_minus.png]
[www.portnine.com/incredible/images/list_icons/list_star.png]
[www.portnine.com/incredible/images/list_icons/list_arrow.png]
[www.portnine.com/incredible/images/list_icons/list_square.png]
[www.portnine.com/incredible/images/list_icons/list_circle.png]
[www.portnine.com/incredible/images/list_icons/list_cross.png]
[www.portnine.com/incredible/images/alert_boxes_close_ico.png]
[www.portnine.com/incredible/images/glyphicons-halflings.png]
[www.portnine.com/incredible/images/glyphicons-halflings-white.png]
[www.portnine.com/incredible/css/shortcodes.css]
[www.portnine.com/incredible/images/features_ico_04.png]
[www.portnine.com/incredible/css/base.css]
[www.portnine.com/incredible/images/slider_nav.html]
[www.portnine.com/incredible/images/shadow-v.html]
[www.portnine.com/incredible/images/shadow-h.html]
[www.portnine.com/incredible/images/overlay_bg.png]
[www.portnine.com/incredible/images/list_icons/list_check.png]
